exports[`PostItem snapshot it should render PostItem component and take a snapshot 1`] = `
<div
  className="column is-4">
  <a
    href="posts/lorem-ipsum"
    onClick={[Function]}>
    <div
      className="card">
      <div
        className="card-content">
        <p
          className="title is-4">
          Lorem ipsum
        </p>
        <div
          className="content post-box">
          <div>
            <p>
              Dolor sit amet
            </p>
          </div>
        </div>
        <div
          className="media">
          <div
            className="media-left">
            <figure
              className="image is-48x48">
              <img
                alt=""
                src="http://placehold.it/96x96" />
            </figure>
          </div>
          <div
            className="media-content">
            <p
              className="subtitle is-6">
              John Smith 
              <br />
              <small>
                1 Jan 2016
              </small>
            </p>
          </div>
        </div>
      </div>
    </div>
  </a>
</div>
`;
